

Total trade(s) in previous simulation: 0

Daily Nets:

Successfully stored all new data to database.
Bot has crashed because of :Download failed.
Traceback (most recent call last):
  File "C:\Users\MUZAM\Desktop\Profitron\profitron\threads\bot_thread.py", line 410, in try_setting_up_bot
    self.setup_bot(caller=self.caller)
  File "C:\Users\MUZAM\Desktop\Profitron\profitron\threads\bot_thread.py", line 240, in setup_bot
    self.create_trader(caller)
  File "C:\Users\MUZAM\Desktop\Profitron\profitron\threads\bot_thread.py", line 165, in create_trader
    raise RuntimeError("Download failed.")
RuntimeError: Download failed.


---------------------------------------------------
Bot run has ended.

Results:
Starting time: 2025-04-19 19:01:15
End time: 2025-04-19 19:05:49
Elapsed time: 0:04:34.038305
Starting balance: $13.794
Ending balance: $13.79
Trades conducted: 0
Profit: $0.0
