Successfully stored all new data to database.
---------------------------------------------------
Bot Configuration:
	Starting time: 2025-05-02 06:09:46
	Starting balance: $13.794
	Symbol: ETHUSDT
	Interval: 8 Hours
	Precision: 2
	Transaction fee percentage: 0.001%
	Starting coin: 0.0
	Starting borrowed coin: 0.0
	Starting net: $13.794
	Stop loss type: None
	Loss percentage: 5.0%
	Smart stop loss counter: 0
	Safety timer: None
Strategies:

End of Configuration
---------------------------------------------------


Total trade(s) in previous simulation: 0

Daily Nets:

Successfully stored all new data to database.
Bot has crashed because of :HTTPSConnectionPool(host='api.binance.com', port=443): Read timed out.
Traceback (most recent call last):
  File "C:\Users\MUZAM\.virtualenvs\Profitron-COuwAK1J\lib\site-packages\urllib3\response.py", line 441, in _error_catcher
    yield
  File "C:\Users\MUZAM\.virtualenvs\Profitron-COuwAK1J\lib\site-packages\urllib3\response.py", line 522, in read
    data = self._fp.read(amt) if not fp_closed else b""
  File "C:\Users\MUZAM\AppData\Local\Programs\Python\Python39\lib\http\client.py", line 463, in read
    n = self.readinto(b)
  File "C:\Users\MUZAM\AppData\Local\Programs\Python\Python39\lib\http\client.py", line 507, in readinto
    n = self.fp.readinto(b)
  File "C:\Users\MUZAM\AppData\Local\Programs\Python\Python39\lib\socket.py", line 704, in readinto
    return self._sock.recv_into(b)
  File "C:\Users\MUZAM\AppData\Local\Programs\Python\Python39\lib\ssl.py", line 1241, in recv_into
    return self.read(nbytes, buffer)
  File "C:\Users\MUZAM\AppData\Local\Programs\Python\Python39\lib\ssl.py", line 1099, in read
    return self._sslobj.read(len, buffer)
socket.timeout: The read operation timed out

During handling of the above exception, another exception occurred:

Traceback (most recent call last):
  File "C:\Users\MUZAM\.virtualenvs\Profitron-COuwAK1J\lib\site-packages\requests\models.py", line 816, in generate
    yield from self.raw.stream(chunk_size, decode_content=True)
  File "C:\Users\MUZAM\.virtualenvs\Profitron-COuwAK1J\lib\site-packages\urllib3\response.py", line 579, in stream
    data = self.read(amt=amt, decode_content=decode_content)
  File "C:\Users\MUZAM\.virtualenvs\Profitron-COuwAK1J\lib\site-packages\urllib3\response.py", line 544, in read
    raise IncompleteRead(self._fp_bytes_read, self.length_remaining)
  File "C:\Users\MUZAM\AppData\Local\Programs\Python\Python39\lib\contextlib.py", line 137, in __exit__
    self.gen.throw(typ, value, traceback)
  File "C:\Users\MUZAM\.virtualenvs\Profitron-COuwAK1J\lib\site-packages\urllib3\response.py", line 446, in _error_catcher
    raise ReadTimeoutError(self._pool, None, "Read timed out.")
urllib3.exceptions.ReadTimeoutError: HTTPSConnectionPool(host='api.binance.com', port=443): Read timed out.

During handling of the above exception, another exception occurred:

Traceback (most recent call last):
  File "C:\Users\MUZAM\Desktop\Profitron\profitron\threads\bot_thread.py", line 410, in try_setting_up_bot
    self.setup_bot(caller=self.caller)
  File "C:\Users\MUZAM\Desktop\Profitron\profitron\threads\bot_thread.py", line 240, in setup_bot
    self.create_trader(caller)
  File "C:\Users\MUZAM\Desktop\Profitron\profitron\threads\bot_thread.py", line 124, in create_trader
    precision = parse_precision(config_dict['precision'].currentText(), symbol)
  File "C:\Users\MUZAM\Desktop\Profitron\profitron\helpers.py", line 484, in parse_precision
    symbol_info = profitron.BINANCE_CLIENT.get_symbol_info(symbol)
  File "C:\Users\MUZAM\.virtualenvs\Profitron-COuwAK1J\lib\site-packages\binance\client.py", line 502, in get_symbol_info
    res = self.get_exchange_info()
  File "C:\Users\MUZAM\.virtualenvs\Profitron-COuwAK1J\lib\site-packages\binance\client.py", line 459, in get_exchange_info
    return self._get('exchangeInfo', version=self.PRIVATE_API_VERSION)
  File "C:\Users\MUZAM\.virtualenvs\Profitron-COuwAK1J\lib\site-packages\binance\client.py", line 371, in _get
    return self._request_api('get', path, signed, version, **kwargs)
  File "C:\Users\MUZAM\.virtualenvs\Profitron-COuwAK1J\lib\site-packages\binance\client.py", line 334, in _request_api
    return self._request(method, uri, signed, **kwargs)
  File "C:\Users\MUZAM\.virtualenvs\Profitron-COuwAK1J\lib\site-packages\binance\client.py", line 314, in _request
    self.response = getattr(self.session, method)(uri, **kwargs)
  File "C:\Users\MUZAM\.virtualenvs\Profitron-COuwAK1J\lib\site-packages\requests\sessions.py", line 600, in get
    return self.request("GET", url, **kwargs)
  File "C:\Users\MUZAM\.virtualenvs\Profitron-COuwAK1J\lib\site-packages\requests\sessions.py", line 587, in request
    resp = self.send(prep, **send_kwargs)
  File "C:\Users\MUZAM\.virtualenvs\Profitron-COuwAK1J\lib\site-packages\requests\sessions.py", line 745, in send
    r.content
  File "C:\Users\MUZAM\.virtualenvs\Profitron-COuwAK1J\lib\site-packages\requests\models.py", line 899, in content
    self._content = b"".join(self.iter_content(CONTENT_CHUNK_SIZE)) or b""
  File "C:\Users\MUZAM\.virtualenvs\Profitron-COuwAK1J\lib\site-packages\requests\models.py", line 822, in generate
    raise ConnectionError(e)
requests.exceptions.ConnectionError: HTTPSConnectionPool(host='api.binance.com', port=443): Read timed out.


---------------------------------------------------
Bot run has ended.

Results:
Starting time: 2025-05-02 06:09:46
End time: 2025-05-02 06:10:56
Elapsed time: 0:01:09.562048
Starting balance: $13.794
Ending balance: $13.79
Trades conducted: 0
Profit: $0.0
Bot has crashed because of :urllib3 HTTPError HTTPSConnectionPool(host='api.telegram.org', port=443): Max retries exceeded with url: /bot7463192779:AAEV9dMQCfl_0ui5tWWpXmDGmbPPyXPrc4w/getMe (Caused by ConnectTimeoutError(<telegram.vendor.ptb_urllib3.urllib3.connection.VerifiedHTTPSConnection object at 0x00000181B1C4DA00>, 'Connection to api.telegram.org timed out. (connect timeout=5.0)'))
Traceback (most recent call last):
  File "C:\Users\MUZAM\.virtualenvs\Profitron-COuwAK1J\lib\site-packages\telegram\vendor\ptb_urllib3\urllib3\connection.py", line 140, in _new_conn
    conn = connection.create_connection(
  File "C:\Users\MUZAM\.virtualenvs\Profitron-COuwAK1J\lib\site-packages\telegram\vendor\ptb_urllib3\urllib3\util\connection.py", line 83, in create_connection
    raise err
  File "C:\Users\MUZAM\.virtualenvs\Profitron-COuwAK1J\lib\site-packages\telegram\vendor\ptb_urllib3\urllib3\util\connection.py", line 73, in create_connection
    sock.connect(sa)
socket.timeout: timed out

During handling of the above exception, another exception occurred:

Traceback (most recent call last):
  File "C:\Users\MUZAM\.virtualenvs\Profitron-COuwAK1J\lib\site-packages\telegram\vendor\ptb_urllib3\urllib3\connectionpool.py", line 614, in urlopen
    httplib_response = self._make_request(conn, method, url,
  File "C:\Users\MUZAM\.virtualenvs\Profitron-COuwAK1J\lib\site-packages\telegram\vendor\ptb_urllib3\urllib3\connectionpool.py", line 360, in _make_request
    self._validate_conn(conn)
  File "C:\Users\MUZAM\.virtualenvs\Profitron-COuwAK1J\lib\site-packages\telegram\vendor\ptb_urllib3\urllib3\connectionpool.py", line 857, in _validate_conn
    super(HTTPSConnectionPool, self)._validate_conn(conn)
  File "C:\Users\MUZAM\.virtualenvs\Profitron-COuwAK1J\lib\site-packages\telegram\vendor\ptb_urllib3\urllib3\connectionpool.py", line 289, in _validate_conn
    conn.connect()
  File "C:\Users\MUZAM\.virtualenvs\Profitron-COuwAK1J\lib\site-packages\telegram\vendor\ptb_urllib3\urllib3\connection.py", line 284, in connect
    conn = self._new_conn()
  File "C:\Users\MUZAM\.virtualenvs\Profitron-COuwAK1J\lib\site-packages\telegram\vendor\ptb_urllib3\urllib3\connection.py", line 144, in _new_conn
    raise ConnectTimeoutError(
telegram.vendor.ptb_urllib3.urllib3.exceptions.ConnectTimeoutError: (<telegram.vendor.ptb_urllib3.urllib3.connection.VerifiedHTTPSConnection object at 0x00000181B1C4DA00>, 'Connection to api.telegram.org timed out. (connect timeout=5.0)')

During handling of the above exception, another exception occurred:

Traceback (most recent call last):
  File "C:\Users\MUZAM\.virtualenvs\Profitron-COuwAK1J\lib\site-packages\telegram\utils\request.py", line 259, in _request_wrapper
    resp = self._con_pool.request(*args, **kwargs)
  File "C:\Users\MUZAM\.virtualenvs\Profitron-COuwAK1J\lib\site-packages\telegram\vendor\ptb_urllib3\urllib3\request.py", line 68, in request
    return self.request_encode_body(method, url, fields=fields,
  File "C:\Users\MUZAM\.virtualenvs\Profitron-COuwAK1J\lib\site-packages\telegram\vendor\ptb_urllib3\urllib3\request.py", line 148, in request_encode_body
    return self.urlopen(method, url, **extra_kw)
  File "C:\Users\MUZAM\.virtualenvs\Profitron-COuwAK1J\lib\site-packages\telegram\vendor\ptb_urllib3\urllib3\poolmanager.py", line 244, in urlopen
    response = conn.urlopen(method, u.request_uri, **kw)
  File "C:\Users\MUZAM\.virtualenvs\Profitron-COuwAK1J\lib\site-packages\telegram\vendor\ptb_urllib3\urllib3\connectionpool.py", line 691, in urlopen
    return self.urlopen(method, url, body, headers, retries,
  File "C:\Users\MUZAM\.virtualenvs\Profitron-COuwAK1J\lib\site-packages\telegram\vendor\ptb_urllib3\urllib3\connectionpool.py", line 691, in urlopen
    return self.urlopen(method, url, body, headers, retries,
  File "C:\Users\MUZAM\.virtualenvs\Profitron-COuwAK1J\lib\site-packages\telegram\vendor\ptb_urllib3\urllib3\connectionpool.py", line 691, in urlopen
    return self.urlopen(method, url, body, headers, retries,
  File "C:\Users\MUZAM\.virtualenvs\Profitron-COuwAK1J\lib\site-packages\telegram\vendor\ptb_urllib3\urllib3\connectionpool.py", line 665, in urlopen
    retries = retries.increment(method, url, error=e, _pool=self,
  File "C:\Users\MUZAM\.virtualenvs\Profitron-COuwAK1J\lib\site-packages\telegram\vendor\ptb_urllib3\urllib3\util\retry.py", line 376, in increment
    raise MaxRetryError(_pool, url, error or ResponseError(cause))
telegram.vendor.ptb_urllib3.urllib3.exceptions.MaxRetryError: HTTPSConnectionPool(host='api.telegram.org', port=443): Max retries exceeded with url: /bot7463192779:AAEV9dMQCfl_0ui5tWWpXmDGmbPPyXPrc4w/getMe (Caused by ConnectTimeoutError(<telegram.vendor.ptb_urllib3.urllib3.connection.VerifiedHTTPSConnection object at 0x00000181B1C4DA00>, 'Connection to api.telegram.org timed out. (connect timeout=5.0)'))

The above exception was the direct cause of the following exception:

Traceback (most recent call last):
  File "C:\Users\MUZAM\Desktop\Profitron\profitron\threads\bot_thread.py", line 410, in try_setting_up_bot
    self.setup_bot(caller=self.caller)
  File "C:\Users\MUZAM\Desktop\Profitron\profitron\threads\bot_thread.py", line 244, in setup_bot
    self.initialize_telegram_bot()
  File "C:\Users\MUZAM\Desktop\Profitron\profitron\threads\bot_thread.py", line 299, in initialize_telegram_bot
    gui.telegram_bot.start()
  File "C:\Users\MUZAM\Desktop\Profitron\profitron\telegram_bot\bot.py", line 137, in start
    self.updater.start_polling()
  File "C:\Users\MUZAM\.virtualenvs\Profitron-COuwAK1J\lib\site-packages\telegram\ext\updater.py", line 422, in start_polling
    self._init_thread(self.dispatcher.start, "dispatcher", ready=dispatcher_ready)
  File "C:\Users\MUZAM\.virtualenvs\Profitron-COuwAK1J\lib\site-packages\telegram\ext\updater.py", line 342, in _init_thread
    name=f"Bot:{self.bot.id}:{name}",
  File "C:\Users\MUZAM\.virtualenvs\Profitron-COuwAK1J\lib\site-packages\telegram\bot.py", line 365, in id
    return self.bot.id
  File "C:\Users\MUZAM\.virtualenvs\Profitron-COuwAK1J\lib\site-packages\telegram\bot.py", line 359, in bot
    self._bot = self.get_me()
  File "C:\Users\MUZAM\.virtualenvs\Profitron-COuwAK1J\lib\site-packages\telegram\bot.py", line 130, in decorator
    result = func(*args, **kwargs)
  File "C:\Users\MUZAM\.virtualenvs\Profitron-COuwAK1J\lib\site-packages\telegram\bot.py", line 446, in get_me
    result = self._post('getMe', timeout=timeout, api_kwargs=api_kwargs)
  File "C:\Users\MUZAM\.virtualenvs\Profitron-COuwAK1J\lib\site-packages\telegram\bot.py", line 295, in _post
    return self.request.post(
  File "C:\Users\MUZAM\.virtualenvs\Profitron-COuwAK1J\lib\site-packages\telegram\utils\request.py", line 356, in post
    result = self._request_wrapper(
  File "C:\Users\MUZAM\.virtualenvs\Profitron-COuwAK1J\lib\site-packages\telegram\utils\request.py", line 265, in _request_wrapper
    raise NetworkError(f'urllib3 HTTPError {error}') from error
telegram.error.NetworkError: urllib3 HTTPError HTTPSConnectionPool(host='api.telegram.org', port=443): Max retries exceeded with url: /bot7463192779:AAEV9dMQCfl_0ui5tWWpXmDGmbPPyXPrc4w/getMe (Caused by ConnectTimeoutError(<telegram.vendor.ptb_urllib3.urllib3.connection.VerifiedHTTPSConnection object at 0x00000181B1C4DA00>, 'Connection to api.telegram.org timed out. (connect timeout=5.0)'))


---------------------------------------------------
Bot run has ended.

Results:
Starting time: 2025-05-02 06:09:46
End time: 2025-05-02 06:11:03
Elapsed time: 0:01:16.756400
Starting balance: $13.794
Ending balance: $13.79
Trades conducted: 0
Profit: $0.0
Successfully stored all new data to database.
---------------------------------------------------
Bot Configuration:
	Starting time: 2025-05-02 06:11:13
	Starting balance: $13.794
	Symbol: ETHUSDT
	Interval: 8 Hours
	Precision: 2
	Transaction fee percentage: 0.001%
	Starting coin: 0.0
	Starting borrowed coin: 0.0
	Starting net: $13.794
	Stop loss type: None
	Loss percentage: 5.0%
	Smart stop loss counter: 0
	Safety timer: None
Strategies:

End of Configuration
---------------------------------------------------

---------------------------------------------------
Bot run has ended.


Total trade(s) in previous simulation: 0

Results:

Daily Nets:
Starting time: 2025-05-02 06:11:13

End time: 2025-05-02 06:11:58
Elapsed time: 0:00:45.510117
Starting balance: $13.794
Ending balance: $13.79
Trades conducted: 0
Profit: $0.0
Successfully stored all new data to database.
Successfully stored all new data to database.
---------------------------------------------------
Bot Configuration:
	Starting time: 2025-05-02 07:19:44
	Starting balance: $13.794
	Symbol: ETHUSDT
	Interval: 8 Hours
	Precision: 2
	Transaction fee percentage: 0.001%
	Starting coin: 0.0
	Starting borrowed coin: 0.0
	Starting net: $13.794
	Stop loss type: None
	Loss percentage: 5.0%
	Smart stop loss counter: 0
	Safety timer: None
Strategies:

End of Configuration
---------------------------------------------------
Attempting to enter long by buying 0.007543983516182419 coins...

Datetime in UTC: 2025-05-02 07:20:05.549473
Order ID: p1aWBiQVWiLZKgXQcqC9HS
Action: Force executed long.
Pair: ETHUSDT
Price: 1825.06
Method: Manual
Percentage: -1.31%
Profit: $-0.18


---------------------------------------------------
Bot run has ended.


Total trade(s) in previous simulation: 1

Results:

1. Date in UTC: 2025-05-02 07:20:05.547431
Starting time: 2025-05-02 07:19:44

Action taken: Force executed long.
End time: 2025-05-02 07:20:16

Daily Nets:
Elapsed time: 0:00:32.732666

Starting balance: $13.794
Ending balance: $0.11
Trades conducted: 1
Loss: $0.18
Successfully stored all new data to database.
