ReadTimeout(ReadTimeoutError("HTTPSConnectionPool(host='raw.githubusercontent.com', port=443): Read timed out. (read timeout=3)"))
Traceback (most recent call last):
  File "C:\Users\MUZAM\.virtualenvs\Profitron-COuwAK1J\lib\site-packages\urllib3\connectionpool.py", line 449, in _make_request
    six.raise_from(e, None)
  File "<string>", line 3, in raise_from
  File "C:\Users\MUZAM\.virtualenvs\Profitron-COuwAK1J\lib\site-packages\urllib3\connectionpool.py", line 444, in _make_request
    httplib_response = conn.getresponse()
  File "C:\Users\MUZAM\AppData\Local\Programs\Python\Python39\lib\http\client.py", line 1377, in getresponse
    response.begin()
  File "C:\Users\MUZAM\AppData\Local\Programs\Python\Python39\lib\http\client.py", line 320, in begin
    version, status, reason = self._read_status()
  File "C:\Users\MUZAM\AppData\Local\Programs\Python\Python39\lib\http\client.py", line 281, in _read_status
    line = str(self.fp.readline(_MAXLINE + 1), "iso-8859-1")
  File "C:\Users\MUZAM\AppData\Local\Programs\Python\Python39\lib\socket.py", line 704, in readinto
    return self._sock.recv_into(b)
  File "C:\Users\MUZAM\AppData\Local\Programs\Python\Python39\lib\ssl.py", line 1241, in recv_into
    return self.read(nbytes, buffer)
  File "C:\Users\MUZAM\AppData\Local\Programs\Python\Python39\lib\ssl.py", line 1099, in read
    return self._sslobj.read(len, buffer)
socket.timeout: The read operation timed out

During handling of the above exception, another exception occurred:

Traceback (most recent call last):
  File "C:\Users\MUZAM\.virtualenvs\Profitron-COuwAK1J\lib\site-packages\requests\adapters.py", line 489, in send
    resp = conn.urlopen(
  File "C:\Users\MUZAM\.virtualenvs\Profitron-COuwAK1J\lib\site-packages\urllib3\connectionpool.py", line 785, in urlopen
    retries = retries.increment(
  File "C:\Users\MUZAM\.virtualenvs\Profitron-COuwAK1J\lib\site-packages\urllib3\util\retry.py", line 550, in increment
    raise six.reraise(type(error), error, _stacktrace)
  File "C:\Users\MUZAM\.virtualenvs\Profitron-COuwAK1J\lib\site-packages\urllib3\packages\six.py", line 770, in reraise
    raise value
  File "C:\Users\MUZAM\.virtualenvs\Profitron-COuwAK1J\lib\site-packages\urllib3\connectionpool.py", line 703, in urlopen
    httplib_response = self._make_request(
  File "C:\Users\MUZAM\.virtualenvs\Profitron-COuwAK1J\lib\site-packages\urllib3\connectionpool.py", line 451, in _make_request
    self._raise_timeout(err=e, url=url, timeout_value=read_timeout)
  File "C:\Users\MUZAM\.virtualenvs\Profitron-COuwAK1J\lib\site-packages\urllib3\connectionpool.py", line 340, in _raise_timeout
    raise ReadTimeoutError(
urllib3.exceptions.ReadTimeoutError: HTTPSConnectionPool(host='raw.githubusercontent.com', port=443): Read timed out. (read timeout=3)

During handling of the above exception, another exception occurred:

Traceback (most recent call last):
  File "C:\Users\MUZAM\Desktop\Profitron\profitron\helpers.py", line 59, in get_latest_version
    response = requests.get(url, timeout=3)
  File "C:\Users\MUZAM\.virtualenvs\Profitron-COuwAK1J\lib\site-packages\requests\api.py", line 73, in get
    return request("get", url, params=params, **kwargs)
  File "C:\Users\MUZAM\.virtualenvs\Profitron-COuwAK1J\lib\site-packages\requests\api.py", line 59, in request
    return session.request(method=method, url=url, **kwargs)
  File "C:\Users\MUZAM\.virtualenvs\Profitron-COuwAK1J\lib\site-packages\requests\sessions.py", line 587, in request
    resp = self.send(prep, **send_kwargs)
  File "C:\Users\MUZAM\.virtualenvs\Profitron-COuwAK1J\lib\site-packages\requests\sessions.py", line 701, in send
    r = adapter.send(request, **kwargs)
  File "C:\Users\MUZAM\.virtualenvs\Profitron-COuwAK1J\lib\site-packages\requests\adapters.py", line 578, in send
    raise ReadTimeout(e, request=request)
requests.exceptions.ReadTimeout: HTTPSConnectionPool(host='raw.githubusercontent.com', port=443): Read timed out. (read timeout=3)
ReadTimeout(ReadTimeoutError("HTTPSConnectionPool(host='api.binance.com', port=443): Read timed out. (read timeout=10)"))
Traceback (most recent call last):
  File "C:\Users\MUZAM\.virtualenvs\Profitron-COuwAK1J\lib\site-packages\urllib3\connectionpool.py", line 449, in _make_request
    six.raise_from(e, None)
  File "<string>", line 3, in raise_from
  File "C:\Users\MUZAM\.virtualenvs\Profitron-COuwAK1J\lib\site-packages\urllib3\connectionpool.py", line 444, in _make_request
    httplib_response = conn.getresponse()
  File "C:\Users\MUZAM\AppData\Local\Programs\Python\Python39\lib\http\client.py", line 1377, in getresponse
    response.begin()
  File "C:\Users\MUZAM\AppData\Local\Programs\Python\Python39\lib\http\client.py", line 320, in begin
    version, status, reason = self._read_status()
  File "C:\Users\MUZAM\AppData\Local\Programs\Python\Python39\lib\http\client.py", line 281, in _read_status
    line = str(self.fp.readline(_MAXLINE + 1), "iso-8859-1")
  File "C:\Users\MUZAM\AppData\Local\Programs\Python\Python39\lib\socket.py", line 704, in readinto
    return self._sock.recv_into(b)
  File "C:\Users\MUZAM\AppData\Local\Programs\Python\Python39\lib\ssl.py", line 1241, in recv_into
    return self.read(nbytes, buffer)
  File "C:\Users\MUZAM\AppData\Local\Programs\Python\Python39\lib\ssl.py", line 1099, in read
    return self._sslobj.read(len, buffer)
socket.timeout: The read operation timed out

During handling of the above exception, another exception occurred:

Traceback (most recent call last):
  File "C:\Users\MUZAM\.virtualenvs\Profitron-COuwAK1J\lib\site-packages\requests\adapters.py", line 489, in send
    resp = conn.urlopen(
  File "C:\Users\MUZAM\.virtualenvs\Profitron-COuwAK1J\lib\site-packages\urllib3\connectionpool.py", line 785, in urlopen
    retries = retries.increment(
  File "C:\Users\MUZAM\.virtualenvs\Profitron-COuwAK1J\lib\site-packages\urllib3\util\retry.py", line 550, in increment
    raise six.reraise(type(error), error, _stacktrace)
  File "C:\Users\MUZAM\.virtualenvs\Profitron-COuwAK1J\lib\site-packages\urllib3\packages\six.py", line 770, in reraise
    raise value
  File "C:\Users\MUZAM\.virtualenvs\Profitron-COuwAK1J\lib\site-packages\urllib3\connectionpool.py", line 703, in urlopen
    httplib_response = self._make_request(
  File "C:\Users\MUZAM\.virtualenvs\Profitron-COuwAK1J\lib\site-packages\urllib3\connectionpool.py", line 451, in _make_request
    self._raise_timeout(err=e, url=url, timeout_value=read_timeout)
  File "C:\Users\MUZAM\.virtualenvs\Profitron-COuwAK1J\lib\site-packages\urllib3\connectionpool.py", line 340, in _raise_timeout
    raise ReadTimeoutError(
urllib3.exceptions.ReadTimeoutError: HTTPSConnectionPool(host='api.binance.com', port=443): Read timed out. (read timeout=10)

During handling of the above exception, another exception occurred:

Traceback (most recent call last):
  File "C:\Users\MUZAM\Desktop\Profitron\profitron\threads\worker_thread.py", line 44, in run
    result = self.function(*self.args, **self.kwargs)
  File "C:\Users\MUZAM\Desktop\Profitron\profitron\__main__.py", line 209, in get_tickers
    tickers = [ticker['symbol'] for ticker in Data(load_data=False, log=False).binance_client.get_all_tickers()]
  File "C:\Users\MUZAM\Desktop\Profitron\profitron\data.py", line 63, in __init__
    self.tickers = self.binance_client.get_all_tickers()  # A list of all the tickers on Binance.
  File "C:\Users\MUZAM\.virtualenvs\Profitron-COuwAK1J\lib\site-packages\binance\client.py", line 571, in get_all_tickers
    return self._get('ticker/price', version=self.PRIVATE_API_VERSION)
  File "C:\Users\MUZAM\.virtualenvs\Profitron-COuwAK1J\lib\site-packages\binance\client.py", line 371, in _get
    return self._request_api('get', path, signed, version, **kwargs)
  File "C:\Users\MUZAM\.virtualenvs\Profitron-COuwAK1J\lib\site-packages\binance\client.py", line 334, in _request_api
    return self._request(method, uri, signed, **kwargs)
  File "C:\Users\MUZAM\.virtualenvs\Profitron-COuwAK1J\lib\site-packages\binance\client.py", line 314, in _request
    self.response = getattr(self.session, method)(uri, **kwargs)
  File "C:\Users\MUZAM\.virtualenvs\Profitron-COuwAK1J\lib\site-packages\requests\sessions.py", line 600, in get
    return self.request("GET", url, **kwargs)
  File "C:\Users\MUZAM\.virtualenvs\Profitron-COuwAK1J\lib\site-packages\requests\sessions.py", line 587, in request
    resp = self.send(prep, **send_kwargs)
  File "C:\Users\MUZAM\.virtualenvs\Profitron-COuwAK1J\lib\site-packages\requests\sessions.py", line 701, in send
    r = adapter.send(request, **kwargs)
  File "C:\Users\MUZAM\.virtualenvs\Profitron-COuwAK1J\lib\site-packages\requests\adapters.py", line 578, in send
    raise ReadTimeout(e, request=request)
requests.exceptions.ReadTimeout: HTTPSConnectionPool(host='api.binance.com', port=443): Read timed out. (read timeout=10)
