Could not find prediction update button in UI
Traceback (most recent call last):
  File "C:\Users\MUZAM\Desktop\Profitron\profitron\threads\bot_thread.py", line 410, in try_setting_up_bot
    self.setup_bot(caller=self.caller)
  File "C:\Users\MUZAM\Desktop\Profitron\profitron\threads\bot_thread.py", line 240, in setup_bot
    self.create_trader(caller)
  File "C:\Users\MUZAM\Desktop\Profitron\profitron\threads\bot_thread.py", line 165, in create_trader
    raise RuntimeError("Download failed.")
RuntimeError: Download failed.

TypeError("'NoneType' object is not subscriptable")
Traceback (most recent call last):
  File "C:\Users\MUZAM\Desktop\Profitron\profitron\threads\backtest_thread.py", line 137, in run
    self.setup_bot()
  File "C:\Users\MUZAM\Desktop\Profitron\profitron\threads\backtest_thread.py", line 108, in setup_bot
    self.gui.backtester = Backtester(**self.get_configuration_details_to_setup_backtest())
  File "C:\Users\MUZAM\Desktop\Profitron\profitron\threads\backtest_thread.py", line 45, in get_configuration_details_to_setup_backtest
    return get_config_helper(self.gui, BACKTEST)
  File "C:\Users\MUZAM\Desktop\Profitron\profitron\threads\thread_utils.py", line 31, in get_config_helper
    'precision': parse_precision(precision, symbol),
  File "C:\Users\MUZAM\Desktop\Profitron\profitron\helpers.py", line 485, in parse_precision
    tick_size = float(symbol_info['filters'][0]['tickSize'])
TypeError: 'NoneType' object is not subscriptable
TypeError("'NoneType' object is not subscriptable")
Traceback (most recent call last):
  File "C:\Users\MUZAM\Desktop\Profitron\profitron\threads\backtest_thread.py", line 137, in run
    self.setup_bot()
  File "C:\Users\MUZAM\Desktop\Profitron\profitron\threads\backtest_thread.py", line 108, in setup_bot
    self.gui.backtester = Backtester(**self.get_configuration_details_to_setup_backtest())
  File "C:\Users\MUZAM\Desktop\Profitron\profitron\threads\backtest_thread.py", line 45, in get_configuration_details_to_setup_backtest
    return get_config_helper(self.gui, BACKTEST)
  File "C:\Users\MUZAM\Desktop\Profitron\profitron\threads\thread_utils.py", line 31, in get_config_helper
    'precision': parse_precision(precision, symbol),
  File "C:\Users\MUZAM\Desktop\Profitron\profitron\helpers.py", line 485, in parse_precision
    tick_size = float(symbol_info['filters'][0]['tickSize'])
TypeError: 'NoneType' object is not subscriptable
Traceback (most recent call last):
  File "C:\Users\MUZAM\.virtualenvs\Profitron-COuwAK1J\lib\site-packages\urllib3\response.py", line 441, in _error_catcher
    yield
  File "C:\Users\MUZAM\.virtualenvs\Profitron-COuwAK1J\lib\site-packages\urllib3\response.py", line 522, in read
    data = self._fp.read(amt) if not fp_closed else b""
  File "C:\Users\MUZAM\AppData\Local\Programs\Python\Python39\lib\http\client.py", line 463, in read
    n = self.readinto(b)
  File "C:\Users\MUZAM\AppData\Local\Programs\Python\Python39\lib\http\client.py", line 507, in readinto
    n = self.fp.readinto(b)
  File "C:\Users\MUZAM\AppData\Local\Programs\Python\Python39\lib\socket.py", line 704, in readinto
    return self._sock.recv_into(b)
  File "C:\Users\MUZAM\AppData\Local\Programs\Python\Python39\lib\ssl.py", line 1241, in recv_into
    return self.read(nbytes, buffer)
  File "C:\Users\MUZAM\AppData\Local\Programs\Python\Python39\lib\ssl.py", line 1099, in read
    return self._sslobj.read(len, buffer)
socket.timeout: The read operation timed out

During handling of the above exception, another exception occurred:

Traceback (most recent call last):
  File "C:\Users\MUZAM\.virtualenvs\Profitron-COuwAK1J\lib\site-packages\requests\models.py", line 816, in generate
    yield from self.raw.stream(chunk_size, decode_content=True)
  File "C:\Users\MUZAM\.virtualenvs\Profitron-COuwAK1J\lib\site-packages\urllib3\response.py", line 579, in stream
    data = self.read(amt=amt, decode_content=decode_content)
  File "C:\Users\MUZAM\.virtualenvs\Profitron-COuwAK1J\lib\site-packages\urllib3\response.py", line 544, in read
    raise IncompleteRead(self._fp_bytes_read, self.length_remaining)
  File "C:\Users\MUZAM\AppData\Local\Programs\Python\Python39\lib\contextlib.py", line 137, in __exit__
    self.gen.throw(typ, value, traceback)
  File "C:\Users\MUZAM\.virtualenvs\Profitron-COuwAK1J\lib\site-packages\urllib3\response.py", line 446, in _error_catcher
    raise ReadTimeoutError(self._pool, None, "Read timed out.")
urllib3.exceptions.ReadTimeoutError: HTTPSConnectionPool(host='api.binance.com', port=443): Read timed out.

During handling of the above exception, another exception occurred:

Traceback (most recent call last):
  File "C:\Users\MUZAM\Desktop\Profitron\profitron\threads\bot_thread.py", line 410, in try_setting_up_bot
    self.setup_bot(caller=self.caller)
  File "C:\Users\MUZAM\Desktop\Profitron\profitron\threads\bot_thread.py", line 240, in setup_bot
    self.create_trader(caller)
  File "C:\Users\MUZAM\Desktop\Profitron\profitron\threads\bot_thread.py", line 137, in create_trader
    gui.simulation_trader.data_view.custom_get_new_data(progress_callback=self.signals.progress,
  File "C:\Users\MUZAM\Desktop\Profitron\profitron\data.py", line 332, in custom_get_new_data
    temp_data = self.binance_client.get_klines(
  File "C:\Users\MUZAM\.virtualenvs\Profitron-COuwAK1J\lib\site-packages\binance\client.py", line 868, in get_klines
    return self._get('klines', data=params, version=self.PRIVATE_API_VERSION)
  File "C:\Users\MUZAM\.virtualenvs\Profitron-COuwAK1J\lib\site-packages\binance\client.py", line 371, in _get
    return self._request_api('get', path, signed, version, **kwargs)
  File "C:\Users\MUZAM\.virtualenvs\Profitron-COuwAK1J\lib\site-packages\binance\client.py", line 334, in _request_api
    return self._request(method, uri, signed, **kwargs)
  File "C:\Users\MUZAM\.virtualenvs\Profitron-COuwAK1J\lib\site-packages\binance\client.py", line 314, in _request
    self.response = getattr(self.session, method)(uri, **kwargs)
  File "C:\Users\MUZAM\.virtualenvs\Profitron-COuwAK1J\lib\site-packages\requests\sessions.py", line 600, in get
    return self.request("GET", url, **kwargs)
  File "C:\Users\MUZAM\.virtualenvs\Profitron-COuwAK1J\lib\site-packages\requests\sessions.py", line 587, in request
    resp = self.send(prep, **send_kwargs)
  File "C:\Users\MUZAM\.virtualenvs\Profitron-COuwAK1J\lib\site-packages\requests\sessions.py", line 745, in send
    r.content
  File "C:\Users\MUZAM\.virtualenvs\Profitron-COuwAK1J\lib\site-packages\requests\models.py", line 899, in content
    self._content = b"".join(self.iter_content(CONTENT_CHUNK_SIZE)) or b""
  File "C:\Users\MUZAM\.virtualenvs\Profitron-COuwAK1J\lib\site-packages\requests\models.py", line 822, in generate
    raise ConnectionError(e)
requests.exceptions.ConnectionError: HTTPSConnectionPool(host='api.binance.com', port=443): Read timed out.

Traceback (most recent call last):
  File "C:\Users\MUZAM\.virtualenvs\Profitron-COuwAK1J\lib\site-packages\telegram\vendor\ptb_urllib3\urllib3\connectionpool.py", line 360, in _make_request
    self._validate_conn(conn)
  File "C:\Users\MUZAM\.virtualenvs\Profitron-COuwAK1J\lib\site-packages\telegram\vendor\ptb_urllib3\urllib3\connectionpool.py", line 857, in _validate_conn
    super(HTTPSConnectionPool, self)._validate_conn(conn)
  File "C:\Users\MUZAM\.virtualenvs\Profitron-COuwAK1J\lib\site-packages\telegram\vendor\ptb_urllib3\urllib3\connectionpool.py", line 289, in _validate_conn
    conn.connect()
  File "C:\Users\MUZAM\.virtualenvs\Profitron-COuwAK1J\lib\site-packages\telegram\vendor\ptb_urllib3\urllib3\connection.py", line 319, in connect
    self.sock = ssl_wrap_socket(
  File "C:\Users\MUZAM\.virtualenvs\Profitron-COuwAK1J\lib\site-packages\telegram\vendor\ptb_urllib3\urllib3\util\ssl_.py", line 324, in ssl_wrap_socket
    return context.wrap_socket(sock, server_hostname=server_hostname)
  File "C:\Users\MUZAM\AppData\Local\Programs\Python\Python39\lib\ssl.py", line 500, in wrap_socket
    return self.sslsocket_class._create(
  File "C:\Users\MUZAM\AppData\Local\Programs\Python\Python39\lib\ssl.py", line 1040, in _create
    self.do_handshake()
  File "C:\Users\MUZAM\AppData\Local\Programs\Python\Python39\lib\ssl.py", line 1309, in do_handshake
    self._sslobj.do_handshake()
socket.timeout: _ssl.c:1112: The handshake operation timed out

During handling of the above exception, another exception occurred:

Traceback (most recent call last):
  File "C:\Users\MUZAM\.virtualenvs\Profitron-COuwAK1J\lib\site-packages\telegram\vendor\ptb_urllib3\urllib3\connectionpool.py", line 614, in urlopen
    httplib_response = self._make_request(conn, method, url,
  File "C:\Users\MUZAM\.virtualenvs\Profitron-COuwAK1J\lib\site-packages\telegram\vendor\ptb_urllib3\urllib3\connectionpool.py", line 363, in _make_request
    self._raise_timeout(err=e, url=url, timeout_value=conn.timeout,
  File "C:\Users\MUZAM\.virtualenvs\Profitron-COuwAK1J\lib\site-packages\telegram\vendor\ptb_urllib3\urllib3\connectionpool.py", line 321, in _raise_timeout
    raise exc_cls(*args)
telegram.vendor.ptb_urllib3.urllib3.exceptions.ConnectTimeoutError: (<telegram.vendor.ptb_urllib3.urllib3.connectionpool.HTTPSConnectionPool object at 0x0000021F6329C640>, 'Connect timed out. (connect timeout=5.0)')

During handling of the above exception, another exception occurred:

Traceback (most recent call last):
  File "C:\Users\MUZAM\.virtualenvs\Profitron-COuwAK1J\lib\site-packages\telegram\utils\request.py", line 259, in _request_wrapper
    resp = self._con_pool.request(*args, **kwargs)
  File "C:\Users\MUZAM\.virtualenvs\Profitron-COuwAK1J\lib\site-packages\telegram\vendor\ptb_urllib3\urllib3\request.py", line 68, in request
    return self.request_encode_body(method, url, fields=fields,
  File "C:\Users\MUZAM\.virtualenvs\Profitron-COuwAK1J\lib\site-packages\telegram\vendor\ptb_urllib3\urllib3\request.py", line 148, in request_encode_body
    return self.urlopen(method, url, **extra_kw)
  File "C:\Users\MUZAM\.virtualenvs\Profitron-COuwAK1J\lib\site-packages\telegram\vendor\ptb_urllib3\urllib3\poolmanager.py", line 244, in urlopen
    response = conn.urlopen(method, u.request_uri, **kw)
  File "C:\Users\MUZAM\.virtualenvs\Profitron-COuwAK1J\lib\site-packages\telegram\vendor\ptb_urllib3\urllib3\connectionpool.py", line 691, in urlopen
    return self.urlopen(method, url, body, headers, retries,
  File "C:\Users\MUZAM\.virtualenvs\Profitron-COuwAK1J\lib\site-packages\telegram\vendor\ptb_urllib3\urllib3\connectionpool.py", line 691, in urlopen
    return self.urlopen(method, url, body, headers, retries,
  File "C:\Users\MUZAM\.virtualenvs\Profitron-COuwAK1J\lib\site-packages\telegram\vendor\ptb_urllib3\urllib3\connectionpool.py", line 691, in urlopen
    return self.urlopen(method, url, body, headers, retries,
  File "C:\Users\MUZAM\.virtualenvs\Profitron-COuwAK1J\lib\site-packages\telegram\vendor\ptb_urllib3\urllib3\connectionpool.py", line 665, in urlopen
    retries = retries.increment(method, url, error=e, _pool=self,
  File "C:\Users\MUZAM\.virtualenvs\Profitron-COuwAK1J\lib\site-packages\telegram\vendor\ptb_urllib3\urllib3\util\retry.py", line 376, in increment
    raise MaxRetryError(_pool, url, error or ResponseError(cause))
telegram.vendor.ptb_urllib3.urllib3.exceptions.MaxRetryError: HTTPSConnectionPool(host='api.telegram.org', port=443): Max retries exceeded with url: /bot7463192779:AAEV9dMQCfl_0ui5tWWpXmDGmbPPyXPrc4w/getMe (Caused by ConnectTimeoutError(<telegram.vendor.ptb_urllib3.urllib3.connectionpool.HTTPSConnectionPool object at 0x0000021F6329C640>, 'Connect timed out. (connect timeout=5.0)'))

The above exception was the direct cause of the following exception:

Traceback (most recent call last):
  File "C:\Users\MUZAM\Desktop\Profitron\profitron\threads\bot_thread.py", line 410, in try_setting_up_bot
    self.setup_bot(caller=self.caller)
  File "C:\Users\MUZAM\Desktop\Profitron\profitron\threads\bot_thread.py", line 244, in setup_bot
    self.initialize_telegram_bot()
  File "C:\Users\MUZAM\Desktop\Profitron\profitron\threads\bot_thread.py", line 299, in initialize_telegram_bot
    gui.telegram_bot.start()
  File "C:\Users\MUZAM\Desktop\Profitron\profitron\telegram_bot\bot.py", line 137, in start
    self.updater.start_polling()
  File "C:\Users\MUZAM\.virtualenvs\Profitron-COuwAK1J\lib\site-packages\telegram\ext\updater.py", line 422, in start_polling
    self._init_thread(self.dispatcher.start, "dispatcher", ready=dispatcher_ready)
  File "C:\Users\MUZAM\.virtualenvs\Profitron-COuwAK1J\lib\site-packages\telegram\ext\updater.py", line 342, in _init_thread
    name=f"Bot:{self.bot.id}:{name}",
  File "C:\Users\MUZAM\.virtualenvs\Profitron-COuwAK1J\lib\site-packages\telegram\bot.py", line 365, in id
    return self.bot.id
  File "C:\Users\MUZAM\.virtualenvs\Profitron-COuwAK1J\lib\site-packages\telegram\bot.py", line 359, in bot
    self._bot = self.get_me()
  File "C:\Users\MUZAM\.virtualenvs\Profitron-COuwAK1J\lib\site-packages\telegram\bot.py", line 130, in decorator
    result = func(*args, **kwargs)
  File "C:\Users\MUZAM\.virtualenvs\Profitron-COuwAK1J\lib\site-packages\telegram\bot.py", line 446, in get_me
    result = self._post('getMe', timeout=timeout, api_kwargs=api_kwargs)
  File "C:\Users\MUZAM\.virtualenvs\Profitron-COuwAK1J\lib\site-packages\telegram\bot.py", line 295, in _post
    return self.request.post(
  File "C:\Users\MUZAM\.virtualenvs\Profitron-COuwAK1J\lib\site-packages\telegram\utils\request.py", line 356, in post
    result = self._request_wrapper(
  File "C:\Users\MUZAM\.virtualenvs\Profitron-COuwAK1J\lib\site-packages\telegram\utils\request.py", line 265, in _request_wrapper
    raise NetworkError(f'urllib3 HTTPError {error}') from error
telegram.error.NetworkError: urllib3 HTTPError HTTPSConnectionPool(host='api.telegram.org', port=443): Max retries exceeded with url: /bot7463192779:AAEV9dMQCfl_0ui5tWWpXmDGmbPPyXPrc4w/getMe (Caused by ConnectTimeoutError(<telegram.vendor.ptb_urllib3.urllib3.connectionpool.HTTPSConnectionPool object at 0x0000021F6329C640>, 'Connect timed out. (connect timeout=5.0)'))

