Successfully stored all new data to database.
---------------------------------------------------
Bot Configuration:
	Starting time: 2025-04-20 14:15:21
	Starting balance: $13.794
	Symbol: ETHUSDT
	Interval: 1 Minute
	Precision: 2
	Transaction fee percentage: 0.001%
	Starting coin: 0.0
	Starting borrowed coin: 0.0
	Starting net: $13.794
	Stop loss type: None
	Loss percentage: 5.0%
	Smart stop loss counter: 0
	Safety timer: None
Strategies:

End of Configuration
---------------------------------------------------
Successfully stored all new data to database.

---------------------------------------------------
Bot run has ended.

Results:


Total trade(s) in previous simulation: 0

Daily Nets:
Starting time: 2025-04-20 14:15:21
End time: 2025-04-20 14:16:24

Elapsed time: 0:01:03.355776
Starting balance: $13.794
Ending balance: $13.79
Trades conducted: 0
Profit: $0.0
Successfully stored all new data to database.
