Successfully stored all new data to database.
---------------------------------------------------
Bot Configuration:
	Starting time: 2025-04-29 12:55:08
	Starting balance: $13.794
	Symbol: ETHUSDT
	Interval: 1 Minute
	Precision: 2
	Transaction fee percentage: 0.001%
	Starting coin: 0.0
	Starting borrowed coin: 0.0
	Starting net: $13.794
	Stop loss type: None
	Loss percentage: 5.0%
	Smart stop loss counter: 0
	Safety timer: None
Strategies:

End of Configuration
---------------------------------------------------
Successfully stored all new data to database.

---------------------------------------------------
Bot run has ended.


Total trade(s) in previous simulation: 0

Results:

Daily Nets:
Starting time: 2025-04-29 12:55:08

End time: 2025-04-29 12:55:14
Elapsed time: 0:00:05.999280
Starting balance: $13.794
Ending balance: $13.79
Trades conducted: 0
Profit: $0.0
Successfully stored all new data to database.
